// Jest Snapshot v1, https://goo.gl/fbAQLP

exports[`Test for Sidebar component Component matches snapshot with user mtsamis 1`] = `
Object {
  "asFragment": [Function],
  "baseElement": <body>
    <div>
      <div
        class="sidebar"
      >
        <div
          class="card"
        >
          <div
            class="card-body text-center"
          >
            <div
              class="mb-2"
            >
              <span
                class="avatar"
              >
                <svg
                  fill="currentColor"
                  height="1em"
                  stroke="currentColor"
                  stroke-width="0"
                  viewBox="0 0 512 512"
                  width="1em"
                  xmlns="http://www.w3.org/2000/svg"
                >
                  <path
                    d="M399 384.2C376.9 345.8 335.4 320 288 320l-64 0c-47.4 0-88.9 25.8-111 64.2c35.2 39.2 86.2 63.8 143 63.8s107.8-24.7 143-63.8zM0 256a256 256 0 1 1 512 0A256 256 0 1 1 0 256zm256 16a72 72 0 1 0 0-144 72 72 0 1 0 0 144z"
                  />
                </svg>
              </span>
            </div>
            <h5
              class="card-title mb-0"
            >
              mtsamis
            </h5>
            <p
              class="card-text text-muted"
            >
              Mike Tsamis
            </p>
            <hr />
            <div
              class="row text-center"
            >
              <div
                class="col-6"
              >
                <h6
                  class="mb-0"
                >
                  5
                </h6>
                <small
                  class="text-muted"
                >
                  Total Score
                </small>
              </div>
              <div
                class="col-6"
              >
                <h6
                  class="mb-0"
                >
                  2
                </h6>
                <small
                  class="text-muted"
                >
                  Ranking
                </small>
              </div>
            </div>
          </div>
        </div>
      </div>
    </div>
  </body>,
  "container": <div>
    <div
      class="sidebar"
    >
      <div
        class="card"
      >
        <div
          class="card-body text-center"
        >
          <div
            class="mb-2"
          >
            <span
              class="avatar"
            >
              <svg
                fill="currentColor"
                height="1em"
                stroke="currentColor"
                stroke-width="0"
                viewBox="0 0 512 512"
                width="1em"
                xmlns="http://www.w3.org/2000/svg"
              >
                <path
                  d="M399 384.2C376.9 345.8 335.4 320 288 320l-64 0c-47.4 0-88.9 25.8-111 64.2c35.2 39.2 86.2 63.8 143 63.8s107.8-24.7 143-63.8zM0 256a256 256 0 1 1 512 0A256 256 0 1 1 0 256zm256 16a72 72 0 1 0 0-144 72 72 0 1 0 0 144z"
                />
              </svg>
            </span>
          </div>
          <h5
            class="card-title mb-0"
          >
            mtsamis
          </h5>
          <p
            class="card-text text-muted"
          >
            Mike Tsamis
          </p>
          <hr />
          <div
            class="row text-center"
          >
            <div
              class="col-6"
            >
              <h6
                class="mb-0"
              >
                5
              </h6>
              <small
                class="text-muted"
              >
                Total Score
              </small>
            </div>
            <div
              class="col-6"
            >
              <h6
                class="mb-0"
              >
                2
              </h6>
              <small
                class="text-muted"
              >
                Ranking
              </small>
            </div>
          </div>
        </div>
      </div>
    </div>
  </div>,
  "debug": [Function],
  "findAllByAltText": [Function],
  "findAllByDisplayValue": [Function],
  "findAllByLabelText": [Function],
  "findAllByPlaceholderText": [Function],
  "findAllByRole": [Function],
  "findAllByTestId": [Function],
  "findAllByText": [Function],
  "findAllByTitle": [Function],
  "findByAltText": [Function],
  "findByDisplayValue": [Function],
  "findByLabelText": [Function],
  "findByPlaceholderText": [Function],
  "findByRole": [Function],
  "findByTestId": [Function],
  "findByText": [Function],
  "findByTitle": [Function],
  "getAllByAltText": [Function],
  "getAllByDisplayValue": [Function],
  "getAllByLabelText": [Function],
  "getAllByPlaceholderText": [Function],
  "getAllByRole": [Function],
  "getAllByTestId": [Function],
  "getAllByText": [Function],
  "getAllByTitle": [Function],
  "getByAltText": [Function],
  "getByDisplayValue": [Function],
  "getByLabelText": [Function],
  "getByPlaceholderText": [Function],
  "getByRole": [Function],
  "getByTestId": [Function],
  "getByText": [Function],
  "getByTitle": [Function],
  "queryAllByAltText": [Function],
  "queryAllByDisplayValue": [Function],
  "queryAllByLabelText": [Function],
  "queryAllByPlaceholderText": [Function],
  "queryAllByRole": [Function],
  "queryAllByTestId": [Function],
  "queryAllByText": [Function],
  "queryAllByTitle": [Function],
  "queryByAltText": [Function],
  "queryByDisplayValue": [Function],
  "queryByLabelText": [Function],
  "queryByPlaceholderText": [Function],
  "queryByRole": [Function],
  "queryByTestId": [Function],
  "queryByText": [Function],
  "queryByTitle": [Function],
  "rerender": [Function],
  "unmount": [Function],
}
`;
